// Jest Snapshot v1, https://goo.gl/fbAQLP

exports[`<Todo /> should match the snapshot 1`] = `
ShallowWrapper {
  Symbol(enzyme.__root__): [Circular],
  Symbol(enzyme.__unrendered__): <Todo />,
  Symbol(enzyme.__renderer__): Object {
    "batchedUpdates": [Function],
    "getNode": [Function],
    "render": [Function],
    "simulateError": [Function],
    "simulateEvent": [Function],
    "unmount": [Function],
  },
  Symbol(enzyme.__node__): Object {
    "instance": null,
    "key": undefined,
    "nodeType": "function",
    "props": Object {
      "children": Array [
        <form
          className="c-form"
          onSubmit={[Function]}
        >
          <div
            className="c-form__input-group"
          >
            <input
              autoComplete="off"
              name="todoItem"
              onChange={[Function]}
              placeholder="What would you like to do?"
              type="text"
              value=""
            />
            <button
              className="c-button"
              type="submit"
            >
              Add
            </button>
          </div>
        </form>,
        <ul />,
      ],
    },
    "ref": null,
    "rendered": Array [
      Object {
        "instance": null,
        "key": undefined,
        "nodeType": "host",
        "props": Object {
          "children": <div
            className="c-form__input-group"
          >
            <input
              autoComplete="off"
              name="todoItem"
              onChange={[Function]}
              placeholder="What would you like to do?"
              type="text"
              value=""
            />
            <button
              className="c-button"
              type="submit"
            >
              Add
            </button>
          </div>,
          "className": "c-form",
          "onSubmit": [Function],
        },
        "ref": null,
        "rendered": Object {
          "instance": null,
          "key": undefined,
          "nodeType": "host",
          "props": Object {
            "children": Array [
              <input
                autoComplete="off"
                name="todoItem"
                onChange={[Function]}
                placeholder="What would you like to do?"
                type="text"
                value=""
              />,
              <button
                className="c-button"
                type="submit"
              >
                Add
              </button>,
            ],
            "className": "c-form__input-group",
          },
          "ref": null,
          "rendered": Array [
            Object {
              "instance": null,
              "key": undefined,
              "nodeType": "host",
              "props": Object {
                "autoComplete": "off",
                "name": "todoItem",
                "onChange": [Function],
                "placeholder": "What would you like to do?",
                "type": "text",
                "value": "",
              },
              "ref": null,
              "rendered": null,
              "type": "input",
            },
            Object {
              "instance": null,
              "key": undefined,
              "nodeType": "host",
              "props": Object {
                "children": "Add",
                "className": "c-button",
                "type": "submit",
              },
              "ref": null,
              "rendered": "Add",
              "type": "button",
            },
          ],
          "type": "div",
        },
        "type": "form",
      },
      Object {
        "instance": null,
        "key": undefined,
        "nodeType": "host",
        "props": Object {
          "children": Array [],
        },
        "ref": null,
        "rendered": Array [],
        "type": "ul",
      },
    ],
    "type": Symbol(react.fragment),
  },
  Symbol(enzyme.__nodes__): Array [
    Object {
      "instance": null,
      "key": undefined,
      "nodeType": "function",
      "props": Object {
        "children": Array [
          <form
            className="c-form"
            onSubmit={[Function]}
          >
            <div
              className="c-form__input-group"
            >
              <input
                autoComplete="off"
                name="todoItem"
                onChange={[Function]}
                placeholder="What would you like to do?"
                type="text"
                value=""
              />
              <button
                className="c-button"
                type="submit"
              >
                Add
              </button>
            </div>
          </form>,
          <ul />,
        ],
      },
      "ref": null,
      "rendered": Array [
        Object {
          "instance": null,
          "key": undefined,
          "nodeType": "host",
          "props": Object {
            "children": <div
              className="c-form__input-group"
            >
              <input
                autoComplete="off"
                name="todoItem"
                onChange={[Function]}
                placeholder="What would you like to do?"
                type="text"
                value=""
              />
              <button
                className="c-button"
                type="submit"
              >
                Add
              </button>
            </div>,
            "className": "c-form",
            "onSubmit": [Function],
          },
          "ref": null,
          "rendered": Object {
            "instance": null,
            "key": undefined,
            "nodeType": "host",
            "props": Object {
              "children": Array [
                <input
                  autoComplete="off"
                  name="todoItem"
                  onChange={[Function]}
                  placeholder="What would you like to do?"
                  type="text"
                  value=""
                />,
                <button
                  className="c-button"
                  type="submit"
                >
                  Add
                </button>,
              ],
              "className": "c-form__input-group",
            },
            "ref": null,
            "rendered": Array [
              Object {
                "instance": null,
                "key": undefined,
                "nodeType": "host",
                "props": Object {
                  "autoComplete": "off",
                  "name": "todoItem",
                  "onChange": [Function],
                  "placeholder": "What would you like to do?",
                  "type": "text",
                  "value": "",
                },
                "ref": null,
                "rendered": null,
                "type": "input",
              },
              Object {
                "instance": null,
                "key": undefined,
                "nodeType": "host",
                "props": Object {
                  "children": "Add",
                  "className": "c-button",
                  "type": "submit",
                },
                "ref": null,
                "rendered": "Add",
                "type": "button",
              },
            ],
            "type": "div",
          },
          "type": "form",
        },
        Object {
          "instance": null,
          "key": undefined,
          "nodeType": "host",
          "props": Object {
            "children": Array [],
          },
          "ref": null,
          "rendered": Array [],
          "type": "ul",
        },
      ],
      "type": Symbol(react.fragment),
    },
  ],
  Symbol(enzyme.__options__): Object {
    "adapter": ReactSixteenAdapter {
      "options": Object {
        "enableComponentDidUpdateOnSetState": true,
        "lifecycles": Object {
          "componentDidUpdate": Object {
            "onSetState": true,
          },
          "getDerivedStateFromProps": true,
          "getSnapshotBeforeUpdate": true,
          "setState": Object {
            "skipsComponentDidUpdateOnNullish": true,
          },
        },
      },
    },
  },
}
`;
